// Jest Snapshot v1, https://goo.gl/fbAQLP

exports[`TileGroup renders correctly 1`] = `
.c2 {
  display: -webkit-box;
  display: -webkit-flex;
  display: -ms-flexbox;
  display: flex;
  -webkit-box-pack: center;
  -webkit-justify-content: center;
  -ms-flex-pack: center;
  justify-content: center;
  -webkit-align-items: center;
  -webkit-box-align: center;
  -ms-flex-align: center;
  align-items: center;
  color: white;
  height: 100%;
  font-size: 30px;
  -webkit-flex-direction: column;
  -ms-flex-direction: column;
  flex-direction: column;
}

.c0 {
  position: absolute;
  width: 50%;
  height: 50%;
  background-color: #1A4782;
}

.c3 {
  position: absolute;
  width: 50%;
  height: 50%;
  background-color: #68BA6E;
}

.c1 {
  left: 0%;
  top: 0%;
}

.c4 {
  left: 50%;
  top: 0%;
}

.c5 {
  left: 0%;
  top: 50%;
}

<div>
  <div
    class="c0 c1"
    color="primaryBlue"
  >
    <div
      class="c2"
    >
      <div>
        initialContentText1
      </div>
      extraContentText1
    </div>
  </div>
  <div
    class="c3 c4"
    color="primaryGreen"
  >
    <div
      class="c2"
    >
      <div>
        initialContentText2
      </div>
      extraContentText2
    </div>
  </div>
  <div
    class="c3 c5"
    color="primaryGreen"
  >
    <div
      class="c2"
    >
      <div>
        initialContentText3
      </div>
      extraContentText3
    </div>
  </div>
</div>
`;
